Serving /Users/dr.coro/dra-estefania-derma/dist at http://localhost:3456
[console] error Failed to load resource: the server responded with a status of 404 (Not Found)
[console] error Failed to load resource: the server responded with a status of 404 (Not Found)
[console] error Failed to load resource: the server responded with a status of 404 (Not Found)
[console] warning Failed parsing 'srcset' attribute value since it has an unknown descriptor.
[console] warning Dropped srcset candidate "/images/header"
[console] warning Failed parsing 'srcset' attribute value since it has an unknown descriptor.
[console] warning Dropped srcset candidate "/images/header"
[console] error Failed to load resource: the server responded with a status of 404 (Not Found)
[console] debug Search endpoint requested!
[console] log %cWe are looking for outstanding talent! Since you are interested in our code, maybe you are also interested in becoming part of our team. We look forward to seeing you: https://docplanner.tech/careers background-color: #00C3A5; color: white; font-family: Work Sans, Roboto, Helvetica Neue, Helvetica, Segoe UI, Arial, sans-seri; font-size: 1.5em; padding: 10px;
Captured scroll 0
Captured scroll 150
Captured scroll 300
Captured scroll 450
Captured scroll 600
Captured scroll 750
Captured scroll 900
Captured scroll 1050
Captured scroll 1200
Captured scroll 1350
Captured scroll 1500
Captured scroll 1650
[console] debug Search endpoint requested!
Captured scroll 1800
Captured scroll 1950
Captured scroll 2100
Captured scroll 2250
Captured scroll 2400
Captured scroll 2550
Captured scroll 2700
Captured scroll 2850
Captured scroll 3000

Debug at scroll 0: {
  "scrollY": 0,
  "progress": 0,
  "presVisual": {
    "opacity": "0",
    "transform": "matrix(0.85, 0, 0, 0.85, 0, 0)",
    "color": "rgb(26, 26, 26)",
    "display": "block"
  },
  "presSignature": {
    "opacity": "0",
    "transform": "matrix(1, 0, 0, 1, -102.773, 0)",
    "color": "rgb(26, 26, 26)",
    "display": "flex"
  },
  "presTitle": {
    "opacity": "0",
    "transform": "matrix(0.98, 0, 0, 0.98, 0, 261.094)",
    "color": "rgb(58, 58, 58)",
    "display": "block"
  },
  "presHeader": {
    "opacity": "0",
    "transform": "none",
    "color": "rgb(26, 26, 26)",
    "display": "flex"
  },
  "presMenu": {
    "opacity": "0",
    "transform": "matrix(1, 0, 0, 1, 0, 30)",
    "color": "rgb(26, 26, 26)",
    "display": "block"
  },
  "heroTitle": {
    "opacity": "1",
    "transform": "matrix(1, 0, 0, 1, 0, 0)",
    "color": "rgb(245, 245, 240)",
    "display": "block"
  },
  "heroScene": {
    "opacity": "1",
    "transform": "matrix(1, 0, 0, 1, 0, 0)",
    "color": "rgb(26, 26, 26)",
    "display": "flex"
  }
}

Debug at scroll 600: {
  "scrollY": 600,
  "progress": 0.30120481927710846,
  "presVisual": {
    "opacity": "0.5482",
    "transform": "matrix(0.9322, 0, 0, 0.9322, 0, 0)",
    "color": "rgb(26, 26, 26)",
    "display": "block"
  },
  "presSignature": {
    "opacity": "0",
    "transform": "matrix(1, 0, 0, 1, -102.773, 0)",
    "color": "rgb(26, 26, 26)",
    "display": "flex"
  },
  "presTitle": {
    "opacity": "1",
    "transform": "matrix(1, 0, 0, 1, 0, 261.094)",
    "color": "rgb(58, 58, 58)",
    "display": "block"
  },
  "presHeader": {
    "opacity": "0",
    "transform": "none",
    "color": "rgb(26, 26, 26)",
    "display": "flex"
  },
  "presMenu": {
    "opacity": "0",
    "transform": "matrix(1, 0, 0, 1, 0, 30)",
    "color": "rgb(26, 26, 26)",
    "display": "block"
  },
  "heroTitle": {
    "opacity": "0",
    "transform": "matrix(1, 0, 0, 1, 0, -93.6)",
    "color": "rgb(245, 245, 240)",
    "display": "block"
  },
  "heroScene": {
    "opacity": "1",
    "transform": "matrix(1, 0, 0, 1, 0, 0)",
    "color": "rgb(26, 26, 26)",
    "display": "flex"
  }
}

Debug at scroll 1200: {
  "scrollY": 1200,
  "progress": 0.6024096385542169,
  "presVisual": {
    "opacity": "1",
    "transform": "matrix(1, 0, 0, 1, 0, 0)",
    "color": "rgb(26, 26, 26)",
    "display": "block"
  },
  "presSignature": {
    "opacity": "0.743",
    "transform": "matrix(1, 0, 0, 1, -102.773, 0)",
    "color": "rgb(26, 26, 26)",
    "display": "flex"
  },
  "presTitle": {
    "opacity": "0",
    "transform": "matrix(1, 0, 0, 1, 0, 33.0938)",
    "color": "rgb(58, 58, 58)",
    "display": "block"
  },
  "presHeader": {
    "opacity": "1",
    "transform": "none",
    "color": "rgb(26, 26, 26)",
    "display": "flex"
  },
  "presMenu": {
    "opacity": "0.0763",
    "transform": "matrix(1, 0, 0, 1, 0, 27.7108)",
    "color": "rgb(26, 26, 26)",
    "display": "block"
  },
  "heroTitle": {
    "opacity": "0",
    "transform": "matrix(1, 0, 0, 1, 0, -93.6)",
    "color": "rgb(245, 245, 240)",
    "display": "block"
  },
  "heroScene": {
    "opacity": "1",
    "transform": "matrix(1, 0, 0, 1, 0, 0)",
    "color": "rgb(26, 26, 26)",
    "display": "flex"
  }
}

Element rects/styles at scroll 3000:
┌─────────┬─────────────────────────────┬───────┬──────┬───────┬────────────┬─────────┬────────────────┬───────────┬───────────┬────────────┐
│ (index) │ selector                    │ top   │ left │ width │ height     │ opacity │ overflow       │ overflowX │ overflowY │ position   │
├─────────┼─────────────────────────────┼───────┼──────┼───────┼────────────┼─────────┼────────────────┼───────────┼───────────┼────────────┤
│ 0       │ 'html'                      │ -1200 │ 0    │ 390   │ 7613.65625 │ '1'     │ 'clip visible' │ 'clip'    │ 'visible' │ 'static'   │
│ 1       │ 'body'                      │ -1200 │ 0    │ 390   │ 7613.65625 │ '1'     │ 'clip visible' │ 'clip'    │ 'visible' │ 'static'   │
│ 2       │ 'main'                      │ -1200 │ 0    │ 390   │ 6223.0625  │ '1'     │ 'clip visible' │ 'clip'    │ 'visible' │ 'static'   │
│ 3       │ '.home-intro-scroll-mobile' │ -1144 │ 0    │ 390   │ 1992       │ '1'     │ 'clip visible' │ 'clip'    │ 'visible' │ 'relative' │
│ 4       │ '.his-track'                │ -1144 │ 0    │ 390   │ 1992       │ '1'     │ 'visible'      │ 'visible' │ 'visible' │ 'relative' │
│ 5       │ '.his-stage'                │ 56    │ 0    │ 390   │ 608        │ '1'     │ 'hidden'       │ 'hidden'  │ 'hidden'  │ 'sticky'   │
│ 6       │ '.his-hero-scene'           │ 56    │ 0    │ 390   │ 608        │ '1'     │ 'visible'      │ 'visible' │ 'visible' │ 'absolute' │
│ 7       │ '.his-pres-scene'           │ 56    │ 0    │ 390   │ 608        │ '1'     │ 'visible'      │ 'visible' │ 'visible' │ 'absolute' │
└─────────┴─────────────────────────────┴───────┴──────┴───────┴────────────┴─────────┴────────────────┴───────────┴───────────┴────────────┘

Scroll info: {
  scrollY: 1200,
  innerHeight: 664,
  documentHeight: 7614,
  trackHeight: 1992,
  stageHeight: 608
}
Done
